2025-05-12 08:44:57,480 - root - INFO - Starting training process
2025-05-12 08:44:57,514 - root - INFO - Starting training of 8 models...
2025-05-12 08:44:57,514 - root - INFO - 
==================== Training model 1/8: cnn_n on ecg ====================
2025-05-12 08:44:57,514 - root - INFO - Loading and preparing numerical data...
2025-05-12 08:45:00,642 - root - INFO - X_train sample shape: torch.Size([60, 1])
2025-05-12 08:45:00,642 - root - INFO - y_train sample shape: {y_train[0].shape}
2025-05-12 08:45:00,642 - root - INFO - 50000 samples loaded for training
2025-05-12 08:45:00,642 - root - INFO - 6250 samples loaded for validation
2025-05-12 08:45:00,741 - root - INFO - Found best model: src/models/checkpoints/cnn_numerical_ecg/epoch=epoch=9-val_loss=val_loss=0.013960.ckpt
2025-05-12 08:45:00,741 - root - INFO - Deleted other checkpoints in src/models/checkpoints/cnn_numerical_ecg/
2025-05-12 08:45:02,684 - root - INFO - Found best model: src/models/checkpoints/cnn_numerical_ecg/epoch=epoch=9-val_loss=val_loss=0.013960.ckpt
2025-05-12 08:45:02,684 - root - INFO - Deleted other checkpoints in src/models/checkpoints/cnn_numerical_ecg/
2025-05-12 08:45:02,684 - root - INFO - Loading existing model from src/models/checkpoints/cnn_numerical_ecg/epoch=epoch=9-val_loss=val_loss=0.013960.ckpt
2025-05-12 08:45:03,078 - root - INFO - Successfully trained model: cnn_numerical_ecg
2025-05-12 08:45:03,078 - root - INFO - 
==================== Training model 2/8: cnn_n on harmonic ====================
2025-05-12 08:45:03,078 - root - INFO - Loading and preparing numerical data...
2025-05-12 08:45:06,283 - root - INFO - X_train sample shape: torch.Size([60, 1])
2025-05-12 08:45:06,283 - root - INFO - y_train sample shape: {y_train[0].shape}
2025-05-12 08:45:06,283 - root - INFO - 50000 samples loaded for training
2025-05-12 08:45:06,283 - root - INFO - 6250 samples loaded for validation
2025-05-12 08:45:06,364 - root - INFO - Found best model: src/models/checkpoints/cnn_numerical_harmonic/epoch=epoch=37-val_loss=val_loss=0.029972.ckpt
2025-05-12 08:45:06,365 - root - INFO - Deleted other checkpoints in src/models/checkpoints/cnn_numerical_harmonic/
2025-05-12 08:45:07,272 - root - INFO - Found best model: src/models/checkpoints/cnn_numerical_harmonic/epoch=epoch=37-val_loss=val_loss=0.029972.ckpt
2025-05-12 08:45:07,272 - root - INFO - Deleted other checkpoints in src/models/checkpoints/cnn_numerical_harmonic/
2025-05-12 08:45:07,272 - root - INFO - Loading existing model from src/models/checkpoints/cnn_numerical_harmonic/epoch=epoch=37-val_loss=val_loss=0.029972.ckpt
2025-05-12 08:45:07,297 - root - INFO - Successfully trained model: cnn_numerical_harmonic
2025-05-12 08:45:07,297 - root - INFO - 
==================== Training model 3/8: cnn_n on ou ====================
2025-05-12 08:45:07,297 - root - INFO - Loading and preparing numerical data...
2025-05-12 08:45:10,604 - root - INFO - X_train sample shape: torch.Size([60, 1])
2025-05-12 08:45:10,604 - root - INFO - y_train sample shape: {y_train[0].shape}
2025-05-12 08:45:10,604 - root - INFO - 50000 samples loaded for training
2025-05-12 08:45:10,604 - root - INFO - 6250 samples loaded for validation
2025-05-12 08:45:10,685 - root - INFO - Found best model: src/models/checkpoints/cnn_numerical_ou/epoch=epoch=11-val_loss=val_loss=0.176636.ckpt
2025-05-12 08:45:10,685 - root - INFO - Deleted other checkpoints in src/models/checkpoints/cnn_numerical_ou/
2025-05-12 08:45:12,402 - root - INFO - Found best model: src/models/checkpoints/cnn_numerical_ou/epoch=epoch=11-val_loss=val_loss=0.176636.ckpt
2025-05-12 08:45:12,402 - root - INFO - Deleted other checkpoints in src/models/checkpoints/cnn_numerical_ou/
2025-05-12 08:45:12,403 - root - INFO - Loading existing model from src/models/checkpoints/cnn_numerical_ou/epoch=epoch=11-val_loss=val_loss=0.176636.ckpt
2025-05-12 08:45:12,416 - root - INFO - Successfully trained model: cnn_numerical_ou
2025-05-12 08:45:12,416 - root - INFO - 
==================== Training model 4/8: cnn_n on sp500 ====================
2025-05-12 08:45:12,416 - root - INFO - Loading and preparing numerical data...
2025-05-12 08:45:14,132 - root - INFO - X_train sample shape: torch.Size([60, 1])
2025-05-12 08:45:14,133 - root - INFO - y_train sample shape: {y_train[0].shape}
2025-05-12 08:45:14,133 - root - INFO - 27109 samples loaded for training
2025-05-12 08:45:14,133 - root - INFO - 3467 samples loaded for validation
2025-05-12 08:45:14,174 - root - INFO - Found best model: src/models/checkpoints/cnn_numerical_sp500/epoch=epoch=2-val_loss=val_loss=0.106761.ckpt
2025-05-12 08:45:14,175 - root - INFO - Deleted other checkpoints in src/models/checkpoints/cnn_numerical_sp500/
2025-05-12 08:45:16,160 - root - INFO - Found best model: src/models/checkpoints/cnn_numerical_sp500/epoch=epoch=2-val_loss=val_loss=0.106761.ckpt
2025-05-12 08:45:16,161 - root - INFO - Deleted other checkpoints in src/models/checkpoints/cnn_numerical_sp500/
2025-05-12 08:45:16,161 - root - INFO - Loading existing model from src/models/checkpoints/cnn_numerical_sp500/epoch=epoch=2-val_loss=val_loss=0.106761.ckpt
2025-05-12 08:45:16,215 - root - INFO - Successfully trained model: cnn_numerical_sp500
2025-05-12 08:45:16,215 - root - INFO - 
==================== Training model 5/8: cnn_v on ecg ====================
2025-05-12 08:45:16,518 - root - INFO - Found best model: src/models/checkpoints/cnn_visual_ecg/epoch=epoch=1-val_loss=val_loss=110.698380.ckpt
2025-05-12 08:45:16,518 - root - INFO - Deleted other checkpoints in src/models/checkpoints/cnn_visual_ecg/
2025-05-12 08:45:20,980 - root - INFO - Found best model: src/models/checkpoints/cnn_visual_ecg/epoch=epoch=1-val_loss=val_loss=110.698380.ckpt
2025-05-12 08:45:20,980 - root - INFO - Deleted other checkpoints in src/models/checkpoints/cnn_visual_ecg/
2025-05-12 08:45:20,981 - root - INFO - Retraining model from scratch...
2025-05-12 08:45:21,097 - root - INFO - Starting trainer.fit for 200 epochs...
2025-05-12 08:45:21,261 - root - INFO - 

[2025-05-12 08:45:21] STATUS UPDATE - Training visual on ecg | Current epoch: 0 | Elapsed time: 0h 0m 0s

2025-05-12 08:45:22,125 - root - INFO - Epoch 0 | val_loss: 111.9262
2025-05-12 08:50:21,430 - root - INFO - 

[2025-05-12 08:50:21] STATUS UPDATE - Training visual on ecg | Current epoch: 0 | Elapsed time: 0h 5m 0s

2025-05-12 08:55:22,007 - root - INFO - 

[2025-05-12 08:55:22] STATUS UPDATE - Training visual on ecg | Current epoch: 0 | Elapsed time: 0h 10m 0s

2025-05-12 09:00:22,272 - root - INFO - 

[2025-05-12 09:00:22] STATUS UPDATE - Training visual on ecg | Current epoch: 0 | Elapsed time: 0h 15m 1s

2025-05-12 09:05:22,338 - root - INFO - 

[2025-05-12 09:05:22] STATUS UPDATE - Training visual on ecg | Current epoch: 0 | Elapsed time: 0h 20m 1s

2025-05-12 09:08:19,083 - root - INFO - Epoch 0 | val_loss: 54.4145
2025-05-12 09:10:22,676 - root - INFO - 

[2025-05-12 09:10:22] STATUS UPDATE - Training visual on ecg | Current epoch: 1 | Elapsed time: 0h 25m 1s

2025-05-12 09:15:23,357 - root - INFO - 

[2025-05-12 09:15:23] STATUS UPDATE - Training visual on ecg | Current epoch: 1 | Elapsed time: 0h 30m 2s

2025-05-12 09:20:23,714 - root - INFO - 

[2025-05-12 09:20:23] STATUS UPDATE - Training visual on ecg | Current epoch: 1 | Elapsed time: 0h 35m 2s

2025-05-12 09:25:24,188 - root - INFO - 

[2025-05-12 09:25:24] STATUS UPDATE - Training visual on ecg | Current epoch: 1 | Elapsed time: 0h 40m 2s

2025-05-12 09:29:35,887 - root - INFO - Epoch 1 | val_loss: 46.2950
2025-05-12 09:30:24,514 - root - INFO - 

[2025-05-12 09:30:24] STATUS UPDATE - Training visual on ecg | Current epoch: 2 | Elapsed time: 0h 45m 3s

2025-05-12 09:35:25,152 - root - INFO - 

[2025-05-12 09:35:25] STATUS UPDATE - Training visual on ecg | Current epoch: 2 | Elapsed time: 0h 50m 3s

2025-05-12 09:40:25,485 - root - INFO - 

[2025-05-12 09:40:25] STATUS UPDATE - Training visual on ecg | Current epoch: 2 | Elapsed time: 0h 55m 4s

2025-05-12 09:45:26,220 - root - INFO - 

[2025-05-12 09:45:26] STATUS UPDATE - Training visual on ecg | Current epoch: 2 | Elapsed time: 1h 0m 4s

2025-05-12 09:50:53,428 - root - INFO - Epoch 2 | val_loss: 40.3893
2025-05-12 09:50:53,902 - root - INFO - 

[2025-05-12 09:50:53] STATUS UPDATE - Training visual on ecg | Current epoch: 3 | Elapsed time: 1h 5m 32s

2025-05-12 09:55:54,545 - root - INFO - 

[2025-05-12 09:55:54] STATUS UPDATE - Training visual on ecg | Current epoch: 3 | Elapsed time: 1h 10m 33s

2025-05-12 10:00:54,808 - root - INFO - 

[2025-05-12 10:00:54] STATUS UPDATE - Training visual on ecg | Current epoch: 3 | Elapsed time: 1h 15m 33s

2025-05-12 10:05:55,536 - root - INFO - 

[2025-05-12 10:05:55] STATUS UPDATE - Training visual on ecg | Current epoch: 3 | Elapsed time: 1h 20m 34s

2025-05-12 10:10:56,212 - root - INFO - 

[2025-05-12 10:10:56] STATUS UPDATE - Training visual on ecg | Current epoch: 3 | Elapsed time: 1h 25m 34s

2025-05-12 10:12:09,395 - root - INFO - Epoch 3 | val_loss: 40.1710
2025-05-12 10:15:56,273 - root - INFO - 

[2025-05-12 10:15:56] STATUS UPDATE - Training visual on ecg | Current epoch: 4 | Elapsed time: 1h 30m 35s

2025-05-12 10:20:56,882 - root - INFO - 

[2025-05-12 10:20:56] STATUS UPDATE - Training visual on ecg | Current epoch: 4 | Elapsed time: 1h 35m 35s

2025-05-12 10:25:57,605 - root - INFO - 

[2025-05-12 10:25:57] STATUS UPDATE - Training visual on ecg | Current epoch: 4 | Elapsed time: 1h 40m 36s

2025-05-12 10:30:58,383 - root - INFO - 

[2025-05-12 10:30:58] STATUS UPDATE - Training visual on ecg | Current epoch: 4 | Elapsed time: 1h 45m 37s

2025-05-12 10:33:24,268 - root - INFO - Epoch 4 | val_loss: 39.2628
2025-05-12 10:35:58,616 - root - INFO - 

[2025-05-12 10:35:58] STATUS UPDATE - Training visual on ecg | Current epoch: 5 | Elapsed time: 1h 50m 37s

2025-05-12 10:40:58,892 - root - INFO - 

[2025-05-12 10:40:58] STATUS UPDATE - Training visual on ecg | Current epoch: 5 | Elapsed time: 1h 55m 37s

2025-05-12 10:45:59,105 - root - INFO - 

[2025-05-12 10:45:59] STATUS UPDATE - Training visual on ecg | Current epoch: 5 | Elapsed time: 2h 0m 37s

2025-05-12 10:50:59,188 - root - INFO - 

[2025-05-12 10:50:59] STATUS UPDATE - Training visual on ecg | Current epoch: 5 | Elapsed time: 2h 5m 37s

2025-05-12 10:54:40,150 - root - INFO - Epoch 5 | val_loss: 38.9484
2025-05-12 10:55:59,507 - root - INFO - 

[2025-05-12 10:55:59] STATUS UPDATE - Training visual on ecg | Current epoch: 6 | Elapsed time: 2h 10m 38s

2025-05-12 11:00:59,629 - root - INFO - 

[2025-05-12 11:00:59] STATUS UPDATE - Training visual on ecg | Current epoch: 6 | Elapsed time: 2h 15m 38s

2025-05-12 11:05:59,701 - root - INFO - 

[2025-05-12 11:05:59] STATUS UPDATE - Training visual on ecg | Current epoch: 6 | Elapsed time: 2h 20m 38s

2025-05-12 11:10:59,942 - root - INFO - 

[2025-05-12 11:10:59] STATUS UPDATE - Training visual on ecg | Current epoch: 6 | Elapsed time: 2h 25m 38s

2025-05-12 11:15:56,016 - root - INFO - Epoch 6 | val_loss: 41.7685
2025-05-12 11:16:00,187 - root - INFO - 

[2025-05-12 11:16:00] STATUS UPDATE - Training visual on ecg | Current epoch: 7 | Elapsed time: 2h 30m 38s

2025-05-12 11:21:00,353 - root - INFO - 

[2025-05-12 11:21:00] STATUS UPDATE - Training visual on ecg | Current epoch: 7 | Elapsed time: 2h 35m 39s

2025-05-12 11:26:00,666 - root - INFO - 

[2025-05-12 11:26:00] STATUS UPDATE - Training visual on ecg | Current epoch: 7 | Elapsed time: 2h 40m 39s

2025-05-12 11:31:01,405 - root - INFO - 

[2025-05-12 11:31:01] STATUS UPDATE - Training visual on ecg | Current epoch: 7 | Elapsed time: 2h 45m 40s

2025-05-12 11:36:02,109 - root - INFO - 

[2025-05-12 11:36:02] STATUS UPDATE - Training visual on ecg | Current epoch: 7 | Elapsed time: 2h 50m 40s

2025-05-12 11:37:11,408 - root - INFO - Epoch 7 | val_loss: 41.0756
2025-05-12 11:41:02,863 - root - INFO - 

[2025-05-12 11:41:02] STATUS UPDATE - Training visual on ecg | Current epoch: 8 | Elapsed time: 2h 55m 41s

2025-05-12 11:46:02,913 - root - INFO - 

[2025-05-12 11:46:02] STATUS UPDATE - Training visual on ecg | Current epoch: 8 | Elapsed time: 3h 0m 41s

2025-05-12 11:51:03,271 - root - INFO - 

[2025-05-12 11:51:03] STATUS UPDATE - Training visual on ecg | Current epoch: 8 | Elapsed time: 3h 5m 42s

2025-05-12 11:56:04,001 - root - INFO - 

[2025-05-12 11:56:04] STATUS UPDATE - Training visual on ecg | Current epoch: 8 | Elapsed time: 3h 10m 42s

2025-05-12 11:58:26,600 - root - INFO - Epoch 8 | val_loss: 40.5686
2025-05-12 12:01:04,115 - root - INFO - 

[2025-05-12 12:01:04] STATUS UPDATE - Training visual on ecg | Current epoch: 9 | Elapsed time: 3h 15m 42s

2025-05-12 12:06:04,835 - root - INFO - 

[2025-05-12 12:06:04] STATUS UPDATE - Training visual on ecg | Current epoch: 9 | Elapsed time: 3h 20m 43s

2025-05-12 12:11:04,960 - root - INFO - 

[2025-05-12 12:11:04] STATUS UPDATE - Training visual on ecg | Current epoch: 9 | Elapsed time: 3h 25m 43s

2025-05-12 12:16:05,232 - root - INFO - 

[2025-05-12 12:16:05] STATUS UPDATE - Training visual on ecg | Current epoch: 9 | Elapsed time: 3h 30m 43s

2025-05-12 12:19:42,297 - root - INFO - Epoch 9 | val_loss: 38.7546
2025-05-12 12:21:05,727 - root - INFO - 

[2025-05-12 12:21:05] STATUS UPDATE - Training visual on ecg | Current epoch: 10 | Elapsed time: 3h 35m 44s

2025-05-12 12:26:05,911 - root - INFO - 

[2025-05-12 12:26:05] STATUS UPDATE - Training visual on ecg | Current epoch: 10 | Elapsed time: 3h 40m 44s

2025-05-12 12:31:06,077 - root - INFO - 

[2025-05-12 12:31:06] STATUS UPDATE - Training visual on ecg | Current epoch: 10 | Elapsed time: 3h 45m 44s

2025-05-12 12:36:06,656 - root - INFO - 

[2025-05-12 12:36:06] STATUS UPDATE - Training visual on ecg | Current epoch: 10 | Elapsed time: 3h 50m 45s

2025-05-12 12:40:57,984 - root - INFO - Epoch 10 | val_loss: 39.5509
2025-05-12 12:41:06,867 - root - INFO - 

[2025-05-12 12:41:06] STATUS UPDATE - Training visual on ecg | Current epoch: 11 | Elapsed time: 3h 55m 45s

2025-05-12 12:46:07,188 - root - INFO - 

[2025-05-12 12:46:07] STATUS UPDATE - Training visual on ecg | Current epoch: 11 | Elapsed time: 4h 0m 45s

2025-05-12 12:51:07,941 - root - INFO - 

[2025-05-12 12:51:07] STATUS UPDATE - Training visual on ecg | Current epoch: 11 | Elapsed time: 4h 5m 46s

2025-05-12 12:56:08,228 - root - INFO - 

[2025-05-12 12:56:08] STATUS UPDATE - Training visual on ecg | Current epoch: 11 | Elapsed time: 4h 10m 46s

2025-05-12 13:01:08,895 - root - INFO - 

[2025-05-12 13:01:08] STATUS UPDATE - Training visual on ecg | Current epoch: 11 | Elapsed time: 4h 15m 47s

2025-05-12 13:02:13,505 - root - INFO - Epoch 11 | val_loss: 41.1220
2025-05-12 13:06:09,206 - root - INFO - 

[2025-05-12 13:06:09] STATUS UPDATE - Training visual on ecg | Current epoch: 12 | Elapsed time: 4h 20m 47s

2025-05-12 13:11:09,890 - root - INFO - 

[2025-05-12 13:11:09] STATUS UPDATE - Training visual on ecg | Current epoch: 12 | Elapsed time: 4h 25m 48s

2025-05-12 13:16:09,912 - root - INFO - 

[2025-05-12 13:16:09] STATUS UPDATE - Training visual on ecg | Current epoch: 12 | Elapsed time: 4h 30m 48s

2025-05-12 13:21:10,663 - root - INFO - 

[2025-05-12 13:21:10] STATUS UPDATE - Training visual on ecg | Current epoch: 12 | Elapsed time: 4h 35m 49s

2025-05-12 13:23:28,735 - root - INFO - Epoch 12 | val_loss: 38.9983
2025-05-12 13:26:11,005 - root - INFO - 

[2025-05-12 13:26:11] STATUS UPDATE - Training visual on ecg | Current epoch: 13 | Elapsed time: 4h 40m 49s

2025-05-12 13:31:11,404 - root - INFO - 

[2025-05-12 13:31:11] STATUS UPDATE - Training visual on ecg | Current epoch: 13 | Elapsed time: 4h 45m 50s

2025-05-12 13:36:11,406 - root - INFO - 

[2025-05-12 13:36:11] STATUS UPDATE - Training visual on ecg | Current epoch: 13 | Elapsed time: 4h 50m 50s

2025-05-12 13:41:12,045 - root - INFO - 

[2025-05-12 13:41:12] STATUS UPDATE - Training visual on ecg | Current epoch: 13 | Elapsed time: 4h 55m 50s

2025-05-12 13:44:44,206 - root - INFO - Epoch 13 | val_loss: 38.1413
2025-05-12 13:46:12,140 - root - INFO - 

[2025-05-12 13:46:12] STATUS UPDATE - Training visual on ecg | Current epoch: 14 | Elapsed time: 5h 0m 50s

2025-05-12 13:51:12,664 - root - INFO - 

[2025-05-12 13:51:12] STATUS UPDATE - Training visual on ecg | Current epoch: 14 | Elapsed time: 5h 5m 51s

2025-05-12 13:56:13,290 - root - INFO - 

[2025-05-12 13:56:13] STATUS UPDATE - Training visual on ecg | Current epoch: 14 | Elapsed time: 5h 10m 52s

2025-05-12 14:01:13,873 - root - INFO - 

[2025-05-12 14:01:13] STATUS UPDATE - Training visual on ecg | Current epoch: 14 | Elapsed time: 5h 15m 52s

2025-05-12 14:05:58,759 - root - INFO - Epoch 14 | val_loss: 39.9154
2025-05-12 14:06:13,950 - root - INFO - 

[2025-05-12 14:06:13] STATUS UPDATE - Training visual on ecg | Current epoch: 15 | Elapsed time: 5h 20m 52s

2025-05-12 14:11:14,034 - root - INFO - 

[2025-05-12 14:11:14] STATUS UPDATE - Training visual on ecg | Current epoch: 15 | Elapsed time: 5h 25m 52s

2025-05-12 14:16:14,145 - root - INFO - 

[2025-05-12 14:16:14] STATUS UPDATE - Training visual on ecg | Current epoch: 15 | Elapsed time: 5h 30m 52s

2025-05-12 14:21:14,310 - root - INFO - 

[2025-05-12 14:21:14] STATUS UPDATE - Training visual on ecg | Current epoch: 15 | Elapsed time: 5h 35m 53s

2025-05-12 14:26:15,068 - root - INFO - 

[2025-05-12 14:26:15] STATUS UPDATE - Training visual on ecg | Current epoch: 15 | Elapsed time: 5h 40m 53s

2025-05-12 14:27:14,095 - root - INFO - Epoch 15 | val_loss: 39.9575
2025-05-12 14:31:15,121 - root - INFO - 

[2025-05-12 14:31:15] STATUS UPDATE - Training visual on ecg | Current epoch: 16 | Elapsed time: 5h 45m 53s

2025-05-12 14:36:15,881 - root - INFO - 

[2025-05-12 14:36:15] STATUS UPDATE - Training visual on ecg | Current epoch: 16 | Elapsed time: 5h 50m 54s

2025-05-12 14:41:16,623 - root - INFO - 

[2025-05-12 14:41:16] STATUS UPDATE - Training visual on ecg | Current epoch: 16 | Elapsed time: 5h 55m 55s

2025-05-12 14:46:17,338 - root - INFO - 

[2025-05-12 14:46:17] STATUS UPDATE - Training visual on ecg | Current epoch: 16 | Elapsed time: 6h 0m 56s

2025-05-12 14:48:29,080 - root - INFO - Epoch 16 | val_loss: 40.6351
2025-05-12 14:51:17,370 - root - INFO - 

[2025-05-12 14:51:17] STATUS UPDATE - Training visual on ecg | Current epoch: 17 | Elapsed time: 6h 5m 56s

2025-05-12 14:56:17,581 - root - INFO - 

[2025-05-12 14:56:17] STATUS UPDATE - Training visual on ecg | Current epoch: 17 | Elapsed time: 6h 10m 56s

2025-05-12 15:01:17,615 - root - INFO - 

[2025-05-12 15:01:17] STATUS UPDATE - Training visual on ecg | Current epoch: 17 | Elapsed time: 6h 15m 56s

2025-05-12 15:06:17,711 - root - INFO - 

[2025-05-12 15:06:17] STATUS UPDATE - Training visual on ecg | Current epoch: 17 | Elapsed time: 6h 20m 56s

2025-05-12 15:09:44,486 - root - INFO - Epoch 17 | val_loss: 38.1977
2025-05-12 15:11:18,071 - root - INFO - 

[2025-05-12 15:11:18] STATUS UPDATE - Training visual on ecg | Current epoch: 18 | Elapsed time: 6h 25m 56s

2025-05-12 15:16:18,116 - root - INFO - 

[2025-05-12 15:16:18] STATUS UPDATE - Training visual on ecg | Current epoch: 18 | Elapsed time: 6h 30m 56s

2025-05-12 15:21:18,839 - root - INFO - 

[2025-05-12 15:21:18] STATUS UPDATE - Training visual on ecg | Current epoch: 18 | Elapsed time: 6h 35m 57s

2025-05-12 15:26:19,215 - root - INFO - 

[2025-05-12 15:26:19] STATUS UPDATE - Training visual on ecg | Current epoch: 18 | Elapsed time: 6h 40m 57s

2025-05-12 15:31:00,538 - root - INFO - Epoch 18 | val_loss: 38.3396
2025-05-12 15:31:19,939 - root - INFO - 

[2025-05-12 15:31:19] STATUS UPDATE - Training visual on ecg | Current epoch: 19 | Elapsed time: 6h 45m 58s

2025-05-12 15:36:20,254 - root - INFO - 

[2025-05-12 15:36:20] STATUS UPDATE - Training visual on ecg | Current epoch: 19 | Elapsed time: 6h 50m 58s

2025-05-12 15:41:20,297 - root - INFO - 

[2025-05-12 15:41:20] STATUS UPDATE - Training visual on ecg | Current epoch: 19 | Elapsed time: 6h 55m 59s

2025-05-12 15:46:21,031 - root - INFO - 

[2025-05-12 15:46:21] STATUS UPDATE - Training visual on ecg | Current epoch: 19 | Elapsed time: 7h 0m 59s

2025-05-12 15:51:21,461 - root - INFO - 

[2025-05-12 15:51:21] STATUS UPDATE - Training visual on ecg | Current epoch: 19 | Elapsed time: 7h 6m 0s

2025-05-12 15:52:16,570 - root - INFO - Epoch 19 | val_loss: 38.5569
2025-05-12 15:56:21,474 - root - INFO - 

[2025-05-12 15:56:21] STATUS UPDATE - Training visual on ecg | Current epoch: 20 | Elapsed time: 7h 11m 0s

2025-05-12 16:01:22,076 - root - INFO - 

[2025-05-12 16:01:22] STATUS UPDATE - Training visual on ecg | Current epoch: 20 | Elapsed time: 7h 16m 0s

2025-05-12 16:06:22,715 - root - INFO - 

[2025-05-12 16:06:22] STATUS UPDATE - Training visual on ecg | Current epoch: 20 | Elapsed time: 7h 21m 1s

2025-05-12 16:11:23,332 - root - INFO - 

[2025-05-12 16:11:23] STATUS UPDATE - Training visual on ecg | Current epoch: 20 | Elapsed time: 7h 26m 2s

2025-05-12 16:13:31,010 - root - INFO - Epoch 20 | val_loss: 39.7440
2025-05-12 16:16:23,521 - root - INFO - 

[2025-05-12 16:16:23] STATUS UPDATE - Training visual on ecg | Current epoch: 21 | Elapsed time: 7h 31m 2s

2025-05-12 16:21:23,635 - root - INFO - 

[2025-05-12 16:21:23] STATUS UPDATE - Training visual on ecg | Current epoch: 21 | Elapsed time: 7h 36m 2s

2025-05-12 16:26:24,378 - root - INFO - 

[2025-05-12 16:26:24] STATUS UPDATE - Training visual on ecg | Current epoch: 21 | Elapsed time: 7h 41m 3s

2025-05-12 16:31:24,380 - root - INFO - 

[2025-05-12 16:31:24] STATUS UPDATE - Training visual on ecg | Current epoch: 21 | Elapsed time: 7h 46m 3s

2025-05-12 16:34:46,275 - root - INFO - Epoch 21 | val_loss: 39.9814
2025-05-12 16:36:25,107 - root - INFO - 

[2025-05-12 16:36:25] STATUS UPDATE - Training visual on ecg | Current epoch: 22 | Elapsed time: 7h 51m 3s

2025-05-12 16:41:25,720 - root - INFO - 

[2025-05-12 16:41:25] STATUS UPDATE - Training visual on ecg | Current epoch: 22 | Elapsed time: 7h 56m 4s

2025-05-12 16:46:26,366 - root - INFO - 

[2025-05-12 16:46:26] STATUS UPDATE - Training visual on ecg | Current epoch: 22 | Elapsed time: 8h 1m 5s

2025-05-12 16:51:27,019 - root - INFO - 

[2025-05-12 16:51:27] STATUS UPDATE - Training visual on ecg | Current epoch: 22 | Elapsed time: 8h 6m 5s

2025-05-12 16:56:00,736 - root - INFO - Epoch 22 | val_loss: 38.1834
2025-05-12 16:56:27,214 - root - INFO - 

[2025-05-12 16:56:27] STATUS UPDATE - Training visual on ecg | Current epoch: 23 | Elapsed time: 8h 11m 5s

2025-05-12 17:01:27,216 - root - INFO - 

[2025-05-12 17:01:27] STATUS UPDATE - Training visual on ecg | Current epoch: 23 | Elapsed time: 8h 16m 5s

2025-05-12 17:06:27,392 - root - INFO - 

[2025-05-12 17:06:27] STATUS UPDATE - Training visual on ecg | Current epoch: 23 | Elapsed time: 8h 21m 6s

2025-05-12 17:11:27,687 - root - INFO - 

[2025-05-12 17:11:27] STATUS UPDATE - Training visual on ecg | Current epoch: 23 | Elapsed time: 8h 26m 6s

2025-05-12 17:16:28,284 - root - INFO - 

[2025-05-12 17:16:28] STATUS UPDATE - Training visual on ecg | Current epoch: 23 | Elapsed time: 8h 31m 7s

2025-05-12 17:17:16,293 - root - INFO - Epoch 23 | val_loss: 39.1910
2025-05-12 17:17:16,337 - root - INFO - Training finished. Best model saved at: /home/default/machine-learning-and-artificial-intelligence/src/models/checkpoints/cnn_visual_ecg/epoch=epoch=13-val_loss=val_loss=38.141304.ckpt
2025-05-12 17:17:16,338 - root - INFO - Successfully trained model: cnn_visual_ecg
2025-05-12 17:17:16,338 - root - INFO - 
==================== Training model 6/8: cnn_v on harmonic ====================
2025-05-12 17:17:16,633 - root - INFO - Found best model: src/models/checkpoints/cnn_visual_harmonic/epoch=epoch=50-val_loss=val_loss=45.590500.ckpt
2025-05-12 17:17:16,633 - root - INFO - Deleted other checkpoints in src/models/checkpoints/cnn_visual_harmonic/
